[ww4.ibomma.one/index.html]
[backblue.gif]
[fade.gif]
[index.html]
[ww4.ibomma.one/wp-content/themes/ibomma-ind/icon/ms-icon-144x144.png]
[ww4.ibomma.one/wp-content/themes/ibomma-ind/icon/apple-icon-57x57.png]
[ww4.ibomma.one/wp-content/themes/ibomma-ind/icon/apple-icon-60x60.png]
[ww4.ibomma.one/wp-content/themes/ibomma-ind/icon/apple-icon-72x72.png]
[ww4.ibomma.one/wp-content/themes/ibomma-ind/icon/apple-icon-76x76.png]
[ww4.ibomma.one/wp-content/themes/ibomma-ind/icon/apple-icon-114x114.png]
[ww4.ibomma.one/wp-content/themes/ibomma-ind/icon/apple-icon-120x120.png]
[ww4.ibomma.one/wp-content/themes/ibomma-ind/icon/apple-icon-144x144.png]
[ww4.ibomma.one/wp-content/themes/ibomma-ind/icon/apple-icon-152x152.png]
[ww4.ibomma.one/wp-content/themes/ibomma-ind/icon/apple-icon-180x180.png]
[ww4.ibomma.one/wp-content/themes/ibomma-ind/icon/android-icon-192x192.png]
[ww4.ibomma.one/wp-content/themes/ibomma-ind/icon/favicon-32x32.png]
[ww4.ibomma.one/wp-content/themes/ibomma-ind/icon/favicon-96x96.png]
[ww4.ibomma.one/wp-content/themes/ibomma-ind/icon/favicon-16x16.png]
[ww4.ibomma.one/wp-content/themes/ibomma-ind/font/raleway-v22-latin-regular.woff2]
[ww4.ibomma.one/wp-content/themes/ibomma-ind/images/ibomma-com-where-quality-clarity-matters.jpg]
[ww4.ibomma.one/index.html]
[ww4.ibomma.one/wp-content/themes/ibomma-ind/images/logo-ibomma.svg]
[ww4.ibomma.one/wp-content/themes/ibomma-ind/images/logo-ibomma.svg]
[ww4.ibomma.one/telugu-movies/index.html]
[ww4.ibomma.one/wp-content/themes/ibomma-ind/style.css]
[ww4.ibomma.one/wp-content/themes/ibomma-ind/css/responsive.css]
[ww4.ibomma.one/wp-content/themes/ibomma-ind/js/jquery.min.js]
[ww4.ibomma.one/wp-content/themes/ibomma-ind/custom/css/YouTubePopUp.css]
[ww4.ibomma.one/wp-content/themes/ibomma-ind/js/jquery-ui-1.8.5.custom.min.js]
[ww4.ibomma.one/wp-content/themes/ibomma-ind/css/font-awesome.min.css]
[ww4.ibomma.one/wp-content/themes/ibomma-ind/icon/manifest.json]
[ww4.ibomma.one/wp-content/themes/ibomma-ind/custom/ads/wp-banners.js]
[ww4.ibomma.one/wp-content/themes/ibomma-ind/custom/js/YouTubePopUp.js]
[ww4.ibomma.one/wp-content/uploads/2022/12/Yashoda-Telugu-2022-230x345.jpg]
[ww4.ibomma.one/wp-content/uploads/2022/12/Macherla-Niyojakavargam-2022-230x345.jpg]
[ww4.ibomma.one/wp-content/uploads/2022/12/Urvasivo-Rakshasivo-2022-230x345.jpg]
[ww4.ibomma.one/wp-content/uploads/2022/12/Gulu-Gulu-Telugu-2022-230x345.jpg]
[ww4.ibomma.one/wp-content/uploads/2022/12/Crazy-Fellow-2022-230x345.jpg]
[ww4.ibomma.one/wp-content/uploads/2022/12/Ginna-Telugu-2022-230x345.jpg]
[ww4.ibomma.one/wp-content/uploads/2022/12/1996-Dharmapuri-2022-230x345.jpg]
[ww4.ibomma.one/wp-content/uploads/2022/12/Ram-Setu-Telugu-2022-230x345.jpg]
[ww4.ibomma.one/wp-content/uploads/2022/12/Monster-Telugu-2022-230x345.jpg]
[ww4.ibomma.one/wp-content/uploads/2022/12/Aakasam-2022-230x345.jpg]
[ww4.ibomma.one/wp-content/uploads/2022/12/Repeat-Telugu-2022-230x345.jpg]
[ww4.ibomma.one/wp-content/uploads/2022/11/Student-Of-The-Year-2019-2022-230x345.jpg]
[ww4.ibomma.one/wp-content/uploads/2022/11/Meet-Cute-Telugu-2022-230x345.jpg]
[ww4.ibomma.one/wp-content/uploads/2022/11/Chup-Telugu-2022-230x345.jpg]
[ww4.ibomma.one/wp-content/uploads/2022/11/Prince-Telugu-2022-230x345.jpg]
[ww4.ibomma.one/wp-content/uploads/2022/11/Kantara-Telugu-2022-230x345.jpg]
[ww4.ibomma.one/wp-content/uploads/2022/11/Anel-Meley-Pani-Thuli-Telugu-2022-230x345.jpg]
[ww4.ibomma.one/wp-content/uploads/2022/11/Deja-Vu-Telugu-2022-230x345.jpg]
[ww4.ibomma.one/wp-content/uploads/2022/11/Enugu-Telugu-2022-230x345.jpg]
[ww4.ibomma.one/wp-content/uploads/2022/11/Aha-Na-Pellanta-Telugu-2022-230x345.jpg]
[ww4.ibomma.one/wp-content/uploads/2022/11/Godfather-2022-230x345.jpg]
[ww4.ibomma.one/wp-content/uploads/2022/11/Sardar-Telugu-2022-230x345.jpg]
[ww4.ibomma.one/wp-content/uploads/2022/11/Iravatham-Telugu-2022-230x345.jpg]
[ww4.ibomma.one/wp-content/uploads/2022/11/Vijaya-Raghavan-2021-230x345.jpg]
[ww4.ibomma.one/wp-content/uploads/2022/11/Monica-O-My-Darling-Telugu-2022-230x345.jpg]
[ww4.ibomma.one/wp-content/uploads/2022/11/Rorschach-Telugu-2022-230x345.jpg]
[ww4.ibomma.one/wp-content/uploads/2022/11/Ori-Devuda-2022-230x345.jpg]
[ww4.ibomma.one/wp-content/uploads/2022/11/Pannendu-Telugu-2022-230x345.jpg]
[ww4.ibomma.one/wp-content/uploads/2022/11/Geetha-2022-230x345.jpg]
[ww4.ibomma.one/wp-content/uploads/2022/11/Brahmastram-Part-One-Shiva-Telugu-2022-230x345.jpg]
[ww4.ibomma.one/wp-content/uploads/2022/10/Jhansi-Telugu-2022-230x345.jpg]
[ww4.ibomma.one/wp-content/uploads/2022/07/Agent-Anand-Santosh-AAS-2022-230x345.jpg]
[ww4.ibomma.one/wp-content/uploads/2022/08/Hello-World-Telugu-2022-230x345.jpg]
[ww4.ibomma.one/wp-content/uploads/2022/08/Victim-Telugu-2022-230x345.jpg]
[ww4.ibomma.one/wp-content/uploads/2022/07/Paper-Rocket-Telugu-2022-230x345.jpg]
[ww4.ibomma.one/wp-content/uploads/2022/11/My-Fathers-Dragon-2022-230x345.jpg]
[ww4.ibomma.one/wp-content/uploads/2022/11/Jeepers-Creepers-Reborn-Telugu-2022-230x345.jpg]
[ww4.ibomma.one/wp-content/uploads/2022/11/Bumblebee-Telugu-2018-230x345.jpg]
[ww4.ibomma.one/wp-content/uploads/2022/11/Avengers-Endgame-Telugu-2019-230x345.jpg]
[ww4.ibomma.one/wp-content/uploads/2022/11/Avengers-Infinity-War-Telugu-2018-230x345.jpg]
[ww4.ibomma.one/wp-content/uploads/2022/11/Avengers-Age-Of-Ultron-Telugu-2015-230x345.jpg]
[ww4.ibomma.one/wp-content/uploads/2022/07/Anjaneyulu-2009-230x345.jpg]
[ww4.ibomma.one/wp-content/uploads/2022/07/Orange-Telugu-2010-230x345.jpg]
[ww4.ibomma.one/wp-content/uploads/2022/07/Mogudu-2011-230x345.jpg]
[ww4.ibomma.one/wp-content/uploads/2022/07/Snehitudu-2012-230x345.jpg]
[ww4.ibomma.one/wp-content/uploads/2022/07/Cheliya-2017-230x345.jpg]
[ww4.ibomma.one/wp-content/uploads/2022/07/Chintakayala-Ravi-2008-230x345.jpg]
[ww4.ibomma.one/telugu-movies/index.html]
[ww4.ibomma.one/wp-content/themes/ibomma-ind/font/raleway-v22-latin-bold.woff2]
[ww4.ibomma.one/wp-content/themes/ibomma-ind/images/ico-arrow-down.png]
[ww4.ibomma.one/wp-content/themes/ibomma-ind/images/arrow-right-grey.png]
[ww4.ibomma.one/wp-content/themes/ibomma-ind/images/ico-mobile-nav.png]
[ww4.ibomma.one/wp-content/themes/ibomma-ind/images/ico-plus.png]
[ww4.ibomma.one/wp-content/themes/ibomma-ind/images/ico-minus.png]
[ww4.ibomma.one/wp-content/themes/ibomma-ind/images/loading.gif]
[ww4.ibomma.one/wp-content/themes/ibomma-ind/style.css]
[ww4.ibomma.one/wp-content/themes/ibomma-ind/css/responsive.css]
[ww4.ibomma.one/wp-content/themes/ibomma-ind/custom/css/YouTubePopUp.css]
[ww4.ibomma.one/wp-content/themes/ibomma-ind/font/fontawesome-webfont.eot]
[ww4.ibomma.one/wp-content/themes/ibomma-ind/font/fontawesome-webfontd41d.eot]
[ww4.ibomma.one/wp-content/themes/ibomma-ind/font/fontawesome-webfont.woff]
[ww4.ibomma.one/wp-content/themes/ibomma-ind/font/fontawesome-webfont.ttf]
[ww4.ibomma.one/wp-content/themes/ibomma-ind/css/font-awesome.min.css]
[ww4.ibomma.one/wp-content/themes/ibomma-ind/font/fontawesome-webfont.svg]
[ww4.ibomma.one/wp-content/themes/ibomma-ind/font/fontawesome-webfont.svg]
